contributors.html     http://www.iitkgp.ac.in/department/EE/faculty/ee-alokkanti
contributors.html     http://outreach.vlabs.ac.in/
feedback.html     http://outreach.vlabs.ac.in/
index.html     http://outreach.vlabs.ac.in/
performance-report.html     http://vlab.co.in
posttest.html     http://outreach.vlabs.ac.in/
pretest.html     http://outreach.vlabs.ac.in/
procedure.html     http://outreach.vlabs.ac.in/
references.html     http://outreach.vlabs.ac.in/
theory.html     http://outreach.vlabs.ac.in/
validator-report.html     http://vlab.co.in
simulation/index.html     http://vlabs.iitkgp.ac.in/vlt/
simulation/jsplumb-master/tests/miscellaneous/chartDemoConnectors.html     http://code.google.com/p/jsplumb/
simulation/jsplumb-master/tests/miscellaneous/draggableConnectorsWithArrows.html     http://code.google.com/p/jsplumb/
simulation/jsplumb-master/tests/miscellaneous/draggableConnectorsWithArrows.html     http://www.statcounter.com/wordpress.org/
simulation/jsplumb-master/tests/miscellaneous/inlinevmltest.html     http://code.google.com/p/jsplumb/
simulation/jsplumb-master/tests/miscellaneous/inlinevmltest.html     http://tweetplumb.com?q=#jquery
simulation/jsplumb-master/tests/miscellaneous/issue23_test.html     http://morrisonpitt.com/jsPlumb/html/index.html
simulation/jsplumb-master/tests/miscellaneous/issue23_test.html     http://morrisonpitt.com/jsPlumb/doc/usage.html
simulation/jsplumb-master/tests/miscellaneous/issue23_test.html     http://code.google.com/p/jsplumb/
simulation/jsplumb-master/tests/miscellaneous/issue23_test.html     http://morrisonpitt.com/jsPlumb/html/jquery/dragAnimDemo.html
simulation/jsplumb-master/tests/miscellaneous/issue23_test_mootools.html     http://morrisonpitt.com/jsPlumb/html/index.html
simulation/jsplumb-master/tests/miscellaneous/issue23_test_mootools.html     http://morrisonpitt.com/jsPlumb/doc/usage.html
simulation/jsplumb-master/tests/miscellaneous/issue23_test_mootools.html     http://code.google.com/p/jsplumb/
simulation/jsplumb-master/tests/miscellaneous/issue23_test_mootools.html     http://morrisonpitt.com/jsPlumb/html/jquery/dragAnimDemo.html
simulation/jsplumb-master/tests/miscellaneous/issue76_test.html     http://code.google.com/p/jsplumb/
simulation/jsplumb-master/tests/miscellaneous/qunit.html     http://www.statcounter.com/wordpress.org/
simulation/jsplumb-master/tests/miscellaneous/removeAllEndpointsTest.html     http://code.google.com/p/jsplumb/
simulation/jsplumb-master/tests/miscellaneous/removeAllEndpointsTest.html     http://www.statcounter.com/wordpress.org/
